Picked up _JAVA_OPTIONS: -Dawt.useSystemAAFontSettings=on
[javaTracer] log:{"className":"Test","methodName":"test0","methodSig":"(I)V","args":[1]}
[javaTracer] log:{"className":"Test","methodName":"test0","methodSig":"(I)V","args":[2]}
[javaTracer] log:{"className":"Test","methodName":"test1","methodSig":"(I)I","args":[3],"ret":0}
[javaTracer] log:{"className":"Test","methodName":"test1","methodSig":"(I)I","args":[4],"ret":0}
[javaTracer] log:{"className":"Test","methodName":"test1","methodSig":"(II)I","args":[5,6],"ret":0}
[javaTracer] log:{"className":"Adder","methodName":"\u003cinit\u003e","methodSig":"(I)V","args":[3],"thisId":100555887}
[javaTracer] log:{"className":"Adder","methodName":"doAdd","methodSig":"(I)I","args":[4],"ret":7,"thisId":100555887}
[javaTracer] log:{"className":"Adder","methodName":"\u003cinit\u003e","methodSig":"(II)V","args":[3,4],"thisId":1769597131}
[javaTracer] log:{"className":"Adder","methodName":"doAdd","methodSig":"(I)I","args":[9],"ret":16,"thisId":1769597131}
Exception in thread "main" java.lang.AssertionError
	at Test.main(Test.java:21)
